3.51604 -0.485316 0.440717 -1.15851 -2.98463 -0.533119 2.89489 0.267963 4.73472 -5.25243 3.20199 -4.64231 -7.72157 -1.2726 -1.12365 -0.915413 -21.9645 -3.21733 -4.43899 11.154 -8.62663 13.076 12.0831 12.9676 
1.02508 1.78697 2.32345 1.37089 -0.696176 5.25132 -2.77001 -2.68182 -2.32716 0.374028 1.59103 -5.2476 -0.0402416 -10.4638 1.48162 1.71729 10.6245 -5.50292 7.12343 6.72015 11.4421 -8.80048 -6.88087 -7.42077 
3.00399 -2.53271 2.23873 0.242174 1.57499 -4.39214 -0.760567 -0.231229 0.39121 -2.4856 1.18896 1.7622 -42.9424 30.7028 -21.8877 31.1379 7.03806 82.1339 -50.9275 -30.4015 -34.3284 62.732 -7.33941 -25.9178 
0.151295 -0.113255 0.202168 -3.69198 0.681852 0.21838 9.70067 -7.52257 -3.50781 -6.15998 6.95397 3.08726 -0.424719 13.9872 24.8525 3.13243 -7.75141 -11.1801 -6.3678 4.8846 2.26191 3.66008 -11.1204 -15.9344 
-5.04328 5.39424 -5.60481 0.284383 -2.56134 2.47242 0.478673 0.0134399 0.371437 4.28022 -2.84634 2.76095 -2.13334 1.38824 -0.227533 -2.93778 15.5288 26.7431 25.7195 -43.2791 -42.4462 -20.6484 26.362 15.9306 
